Microsoft Windows [Versi¢n 6.3.9600]
(c) 2013 Microsoft Corporation. Todos los derechos reservados.

C:\Users\Yessica>mysqlsh
MySQL Shell 8.0.17

Copyright (c) 2016, 2019, Oracle and/or its affiliates. All rights reserved.
Oracle is a registered trademark of Oracle Corporation and/or its affiliates.
Other names may be trademarks of their respective owners.

Type '\help' or '\?' for help; '\quit' to exit.
MySQL JS> \sql
Switching to SQL mode... Commands end with ;
MySQL SQL> \connect --mc root@localhost
Creating a Classic session to 'root@localhost'
Fetching schema names for autocompletion... Press ^C to stop.
Your MySQL connection id is 9
Server version: 8.0.17 MySQL Community Server - GPL
No default schema selected; type \use <schema> to set one.
MySQL [localhost ssl] SQL> show databases;
+--------------------+
| Database           |
+--------------------+
| copia_eva_1        |
| eva_1              |
| information_schema |
| mysql              |
| performance_schema |
| prueba             |
| sys                |
+--------------------+
7 rows in set (0.0050 sec)
MySQL [localhost ssl] SQL> mysqldump;
ERROR: 1064 (42000): You have an error in your SQL syntax; check the manual that
 corresponds to your MySQL server version for the right syntax to use near 'mysq
ldump' at line 1
MySQL [localhost ssl] SQL> mysqldump
                        -> ;
ERROR: 1064 (42000): You have an error in your SQL syntax; check the manual that
 corresponds to your MySQL server version for the right syntax to use near 'mysq
ldump' at line 1
MySQL [localhost ssl] SQL> use eva_1;
Default schema set to `eva_1`.
Fetching table and column names from `eva_1` for auto-completion... Press ^C to
stop.
MySQL [localhost ssl/eva_1] SQL> show tables;
+------------------+
| Tables_in_eva_1  |
+------------------+
| paises           |
| prueba           |
| prueba_copia     |
| prueba_copia_dat |
+------------------+
4 rows in set (0.0103 sec)
MySQL [localhost ssl/eva_1] SQL> select * from paises;
+--------+-----------+--------+--------+-----------+
| nombre | poblacion | idioma | codigo | fecha_ind |
+--------+-----------+--------+--------+-----------+
| NULL   |      NULL | NULL   |   NULL | NULL      |
+--------+-----------+--------+--------+-----------+
1 row in set (0.0040 sec)
MySQL [localhost ssl/eva_1] SQL>
MySQL [localhost ssl/eva_1] SQL> create table country(
                              -> name varchar(50) default 'MÃ©xico',
                              -> population int default 1);
Query OK, 0 rows affected (0.6913 sec)
MySQL [localhost ssl/eva_1] SQL> insert into country values();
Query OK, 1 row affected (0.1009 sec)
MySQL [localhost ssl/eva_1] SQL> select * from country;
+--------+------------+
| name   | population |
+--------+------------+
| MÃ©xico |          1 |
+--------+------------+
1 row in set (0.0024 sec)
MySQL [localhost ssl/eva_1] SQL> insert into country values();
Query OK, 1 row affected (0.1563 sec)
MySQL [localhost ssl/eva_1] SQL> select * from country;
+--------+------------+
| name   | population |
+--------+------------+
| MÃ©xico |          1 |
| MÃ©xico |          1 |
+--------+------------+
2 rows in set (0.0038 sec)
MySQL [localhost ssl/eva_1] SQL> insert into country
                              -> (name values('Camargo');
ERROR: 1064 (42000): You have an error in your SQL syntax; check the manual that
 corresponds to your MySQL server version for the right syntax to use near 'valu
es('Camargo')' at line 2
MySQL [localhost ssl/eva_1] SQL> insert into country(
                              -> name)
                              -> values('Camargo');
Query OK, 1 row affected (0.1090 sec)
MySQL [localhost ssl/eva_1] SQL> select * from country;
+---------+------------+
| name    | population |
+---------+------------+
| MÃ©xico  |          1 |
| MÃ©xico  |          1 |
| Camargo |          1 |
+---------+------------+
3 rows in set (0.0030 sec)
MySQL [localhost ssl/eva_1] SQL>
MySQL [localhost ssl/eva_1] SQL> insert into country (name)
                              -> values('Camargo');
Query OK, 1 row affected (0.1451 sec)
MySQL [localhost ssl/eva_1] SQL> select * from country;
+---------+------------+
| name    | population |
+---------+------------+
| MÃ©xico  |          1 |
| MÃ©xico  |          1 |
| Camargo |          1 |
| Camargo |          1 |
+---------+------------+
4 rows in set (0.0031 sec)
MySQL [localhost ssl/eva_1] SQL> create table materias(
                              -> nombre varchar(50) default 'TBD' unique,
                              -> creditos int default 5);
Query OK, 0 rows affected (0.6532 sec)
MySQL [localhost ssl/eva_1] SQL> insert into materias values();
Query OK, 1 row affected (0.1425 sec)
MySQL [localhost ssl/eva_1] SQL> select * from materias;
+--------+----------+
| nombre | creditos |
+--------+----------+
| TBD    |        5 |
+--------+----------+
1 row in set (0.0030 sec)
MySQL [localhost ssl/eva_1] SQL> insert into materias values('POO'),('Calculo')m
                                 insert into materias values('POO'),('Calculo'),
                                 insert into materias values('POO'),('Calculo'),
('EDD');
ERROR: 1136 (21S01): Column count doesn't match value count at row 1
MySQL [localhost ssl/eva_1] SQL> insert into materias values ('POO'),('Calculo')
                                 insert into materias values ('POO'),('Calculo')
,('EDD');
ERROR: 1136 (21S01): Column count doesn't match value count at row 1
MySQL [localhost ssl/eva_1] SQL> select * from materias;
+--------+----------+
| nombre | creditos |
+--------+----------+
| TBD    |        5 |
+--------+----------+
1 row in set (0.0027 sec)
MySQL [localhost ssl/eva_1] SQL> insert into materias (nombre)
                              -> values
                              -> ('POO'),
                              -> ('Calculo'),
                              -> ('EDD');
Query OK, 3 rows affected (0.1830 sec)

Records: 3  Duplicates: 0  Warnings: 0
MySQL [localhost ssl/eva_1] SQL> select * from materias;
+---------+----------+
| nombre  | creditos |
+---------+----------+
| TBD     |        5 |
| POO     |        5 |
| Calculo |        5 |
| EDD     |        5 |
+---------+----------+
4 rows in set (0.0032 sec)
MySQL [localhost ssl/eva_1] SQL> insert into materias(nombre)
                              -> values('POO'),('Calculo'),('EDD');
ERROR: 1062 (23000): Duplicate entry 'POO' for key 'nombre'
MySQL [localhost ssl/eva_1] SQL> insert into materias
                              -> values('FBD', 10);
Query OK, 1 row affected (0.2041 sec)
MySQL [localhost ssl/eva_1] SQL> select * from materias;
+---------+----------+
| nombre  | creditos |
+---------+----------+
| TBD     |        5 |
| POO     |        5 |
| Calculo |        5 |
| EDD     |        5 |
| FBD     |       10 |
+---------+----------+
5 rows in set (0.0305 sec)
MySQL [localhost ssl/eva_1] SQL> create table carreras(
                              -> nombre varchar(50) unique not null);
Query OK, 0 rows affected (1.9217 sec)
MySQL [localhost ssl/eva_1] SQL> insert into carreras values();
ERROR: 1364 (HY000): Field 'nombre' doesn't have a default value
MySQL [localhost ssl/eva_1] SQL> insert into carreras values(nombre)
                              -> null;
ERROR: 1064 (42000): You have an error in your SQL syntax; check the manual that
 corresponds to your MySQL server version for the right syntax to use near 'null
' at line 2
MySQL [localhost ssl/eva_1] SQL> insert into carreras values(nombre) (null);
ERROR: 1064 (42000): You have an error in your SQL syntax; check the manual that
 corresponds to your MySQL server version for the right syntax to use near '(nul
l)' at line 1
MySQL [localhost ssl/eva_1] SQL>
MySQL [localhost ssl/eva_1] SQL> insert into carreras values(nombre) ('Info');
ERROR: 1064 (42000): You have an error in your SQL syntax; check the manual that
 corresponds to your MySQL server version for the right syntax to use near '('In
fo')' at line 1
MySQL [localhost ssl/eva_1] SQL> insert into carreras values();
ERROR: 1364 (HY000): Field 'nombre' doesn't have a default value
MySQL [localhost ssl/eva_1] SQL> insert into carreras values('Info');
Query OK, 1 row affected (0.1124 sec)
MySQL [localhost ssl/eva_1] SQL>
MySQL [localhost ssl/eva_1] SQL> select * from carreras;
+--------+
| nombre |
+--------+
| Info   |
+--------+
1 row in set (0.0033 sec)
MySQL [localhost ssl/eva_1] SQL> insert into carreras values('Info');
ERROR: 1062 (23000): Duplicate entry 'Info' for key 'nombre'
MySQL [localhost ssl/eva_1] SQL> select * from carreras;
+--------+
| nombre |
+--------+
| Info   |
+--------+
1 row in set (0.0030 sec)
MySQL [localhost ssl/eva_1] SQL>